#
# There is insufficient memory for the Java Runtime Environment to continue.
# Native memory allocation (mmap) failed to map 67108864 bytes for G1 virtual space
# Possible reasons:
#   The system is out of physical RAM or swap space
#   The process is running with CompressedOops enabled, and the Java Heap may be blocking the growth of the native heap
# Possible solutions:
#   Reduce memory load on the system
#   Increase physical memory or swap space
#   Check if swap backing store is full
#   Decrease Java heap size (-Xmx/-Xms)
#   Decrease number of Java threads
#   Decrease Java thread stack sizes (-Xss)
#   Set larger code cache with -XX:ReservedCodeCacheSize=
#   JVM is running with Unscaled Compressed Oops mode in which the Java heap is
#     placed in the first 4GB address space. The Java Heap base address is the
#     maximum limit for the native heap growth. Please use -XX:HeapBaseMinAddress
#     to set the Java Heap base and to place the Java Heap above 4GB virtual address.
# This output file may be truncated or incomplete.
#
#  Out of Memory Error (os_windows.cpp:3536), pid=26428, tid=13288
#
# JRE version:  (19.0.2+7) (build )
# Java VM: Java HotSpot(TM) 64-Bit Server VM (19.0.2+7-44, mixed mode, sharing, tiered, compressed oops, compressed class ptrs, g1 gc, windows-amd64)
# No core dump will be written. Minidumps are not enabled by default on client versions of Windows
#

---------------  S U M M A R Y ------------

Command Line: -Xmx64m -Xms64m -Dorg.gradle.appname=gradlew org.gradle.wrapper.GradleWrapperMain compileDebugKotlin -q

Host: 12th Gen Intel(R) Core(TM) i7-12650H, 16 cores, 15G,  Windows 11 , 64 bit Build 22621 (10.0.22621.3958)
Time: Wed Sep 23 10:17:17 2026 Hora est. Pacífico, Sudamérica elapsed time: 0.012678 seconds (0d 0h 0m 0s)

---------------  T H R E A D  ---------------

Current thread (0x000001f9154767d0):  JavaThread "Unknown thread" [_thread_in_vm, id=13288, stack(0x000000ef02500000,0x000000ef02600000)]

Stack: [0x000000ef02500000,0x000000ef02600000]
Native frames: (J=compiled Java code, j=interpreted, Vv=VM code, C=native code)
V  [jvm.dll+0x6ee21a]
V  [jvm.dll+0x85765e]
V  [jvm.dll+0x85904e]
V  [jvm.dll+0x859703]
V  [jvm.dll+0x28298f]
V  [jvm.dll+0x6eb009]
V  [jvm.dll+0x6dfbaa]
V  [jvm.dll+0x3573f6]
V  [jvm.dll+0x35ee56]
V  [jvm.dll+0x3b541e]
V  [jvm.dll+0x3b564f]
V  [jvm.dll+0x32c9ea]
V  [jvm.dll+0x32d89e]
V  [jvm.dll+0x821780]
V  [jvm.dll+0x3c2661]
V  [jvm.dll+0x801f51]
V  [jvm.dll+0x44ae8f]
V  [jvm.dll+0x44c811]
C  [jli.dll+0x5287]
C  [ucrtbase.dll+0x29333]
C  [KERNEL32.DLL+0x1257d]
C  [ntdll.dll+0x5af08]


---------------  P R O C E S S  ---------------

Threads class SMR info:
_java_thread_list=0x00007ffc6643d048, length=0, elements={
}

Java Threads: ( => current thread )

Other Threads:
  0x000001f91549dc00 WorkerThread "GC Thread#0" [stack: 0x000000ef02600000,0x000000ef02700000] [id=11900]
  0x000001f91549f360 ConcurrentGCThread "G1 Main Marker" [stack: 0x000000ef02700000,0x000000ef02800000] [id=10616]
  0x000001f9154a1f50 WorkerThread "G1 Conc#0" [stack: 0x000000ef02800000,0x000000ef02900000] [id=21260]

[error occurred during error reporting (printing all threads), id 0xc0000005, EXCEPTION_ACCESS_VIOLATION (0xc0000005) at pc=0x00007ffc65bfd427]

VM state: not at safepoint (not fully initialized)

VM Mutex/Monitor currently owned by a thread:  ([mutex/lock_event])
[0x000001f9154751a0] Heap_lock - owner thread: 0x000001f9154767d0

Heap address: 0x00000000fc000000, size: 64 MB, Compressed Oops mode: 32-bit

CDS archive(s) mapped at: [0x0000000000000000-0x0000000000000000-0x0000000000000000), size 0, SharedBaseAddress: 0x0000000800000000, ArchiveRelocationMode: 0.
Narrow klass base: 0x0000000000000000, Narrow klass shift: 0, Narrow klass range: 0x0

GC Precious Log:
 CardTable entry size: 512
 Card Set container configuration: InlinePtr #cards 5 size 8 Array Of Cards #cards 12 size 40 Howl #buckets 4 coarsen threshold 1843 Howl Bitmap #cards 512 size 80 coarsen threshold 460 Card regions per heap region 1 cards per card region 2048

Heap:
 garbage-first heap   total 0K, used 0K [0x00000000fc000000, 0x0000000100000000)
  region size 1024K, 0 young (0K), 0 survivors (0K)

[error occurred during error reporting (printing heap information), id 0xc0000005, EXCEPTION_ACCESS_VIOLATION (0xc0000005) at pc=0x00007ffc66006649]

GC Heap History (0 events):
No events

Dll operation events (1 events):
Event: 0.010 Loaded shared library C:\Program Files\Java\jdk-19.0.2\bin\java.dll

Deoptimization events (0 events):
No events

Classes loaded (0 events):
No events

Classes unloaded (0 events):
No events

Classes redefined (0 events):
No events

Internal exceptions (0 events):
No events

VM Operations (0 events):
No events

Events (0 events):
No events


Dynamic libraries:
0x00007ff653290000 - 0x00007ff6532a0000 	C:\Program Files\Java\jdk-19.0.2\bin\java.exe
0x00007ffd0f450000 - 0x00007ffd0f667000 	C:\WINDOWS\SYSTEM32\ntdll.dll
0x00007ffd0f0e0000 - 0x00007ffd0f1a4000 	C:\WINDOWS\System32\KERNEL32.DLL
0x00007ffd0c9c0000 - 0x00007ffd0cd77000 	C:\WINDOWS\System32\KERNELBASE.dll
0x00007ffd05350000 - 0x00007ffd053e7000 	C:\WINDOWS\SYSTEM32\apphelp.dll
0x00007ffd0cf20000 - 0x00007ffd0d031000 	C:\WINDOWS\System32\ucrtbase.dll
0x00007ffd05060000 - 0x00007ffd05078000 	C:\Program Files\Java\jdk-19.0.2\bin\jli.dll
0x00007ffd01960000 - 0x00007ffd0197b000 	C:\Program Files\Java\jdk-19.0.2\bin\VCRUNTIME140.dll
0x00007ffd0d580000 - 0x00007ffd0d632000 	C:\WINDOWS\System32\ADVAPI32.dll
0x00007ffd0e700000 - 0x00007ffd0e7a7000 	C:\WINDOWS\System32\msvcrt.dll
0x00007ffd0dce0000 - 0x00007ffd0dd88000 	C:\WINDOWS\System32\sechost.dll
0x00007ffd0cef0000 - 0x00007ffd0cf18000 	C:\WINDOWS\System32\bcrypt.dll
0x00007ffd0e7b0000 - 0x00007ffd0e8c4000 	C:\WINDOWS\System32\RPCRT4.dll
0x00007ffd0db30000 - 0x00007ffd0dcdf000 	C:\WINDOWS\System32\USER32.dll
0x00007ffd0c990000 - 0x00007ffd0c9b6000 	C:\WINDOWS\System32\win32u.dll
0x00007ffcecc50000 - 0x00007ffcecee3000 	C:\WINDOWS\WinSxS\amd64_microsoft.windows.common-controls_6595b64144ccf1df_6.0.22621.3672_none_2713b9d173822955\COMCTL32.dll
0x00007ffd0ea90000 - 0x00007ffd0eab9000 	C:\WINDOWS\System32\GDI32.dll
0x00007ffd0c7d0000 - 0x00007ffd0c8e8000 	C:\WINDOWS\System32\gdi32full.dll
0x00007ffd0c8f0000 - 0x00007ffd0c98a000 	C:\WINDOWS\System32\msvcp_win.dll
0x00007ffd02200000 - 0x00007ffd0220a000 	C:\WINDOWS\SYSTEM32\VERSION.dll
0x00007ffd0efb0000 - 0x00007ffd0efe1000 	C:\WINDOWS\System32\IMM32.DLL
0x00007ffd05ca0000 - 0x00007ffd05cac000 	C:\Program Files\Java\jdk-19.0.2\bin\vcruntime140_1.dll
0x00007ffcaef70000 - 0x00007ffcaeffe000 	C:\Program Files\Java\jdk-19.0.2\bin\msvcp140.dll
0x00007ffc658c0000 - 0x00007ffc66580000 	C:\Program Files\Java\jdk-19.0.2\bin\server\jvm.dll
0x00007ffcd0e70000 - 0x00007ffcd0e79000 	C:\WINDOWS\SYSTEM32\WSOCK32.dll
0x00007ffd03620000 - 0x00007ffd03654000 	C:\WINDOWS\SYSTEM32\WINMM.dll
0x00007ffd0d500000 - 0x00007ffd0d571000 	C:\WINDOWS\System32\WS2_32.dll
0x00007ffd0b880000 - 0x00007ffd0b898000 	C:\WINDOWS\SYSTEM32\kernel.appcore.dll
0x00007ffd04240000 - 0x00007ffd0424a000 	C:\Program Files\Java\jdk-19.0.2\bin\jimage.dll
0x00007ffd09bd0000 - 0x00007ffd09e02000 	C:\WINDOWS\SYSTEM32\DBGHELP.DLL
0x00007ffd0ec20000 - 0x00007ffd0efae000 	C:\WINDOWS\System32\combase.dll
0x00007ffd0f000000 - 0x00007ffd0f0d7000 	C:\WINDOWS\System32\OLEAUT32.dll
0x00007ffcfa820000 - 0x00007ffcfa852000 	C:\WINDOWS\SYSTEM32\dbgcore.DLL
0x00007ffd0d040000 - 0x00007ffd0d0bb000 	C:\WINDOWS\System32\bcryptPrimitives.dll
0x00007ffcee740000 - 0x00007ffcee766000 	C:\Program Files\Java\jdk-19.0.2\bin\java.dll

dbghelp: loaded successfully - version: 4.0.5 - missing functions: none
symbol engine: initialized successfully - sym options: 0x614 - pdb path: .;C:\Program Files\Java\jdk-19.0.2\bin;C:\WINDOWS\SYSTEM32;C:\WINDOWS\WinSxS\amd64_microsoft.windows.common-controls_6595b64144ccf1df_6.0.22621.3672_none_2713b9d173822955;C:\Program Files\Java\jdk-19.0.2\bin\server

VM Arguments:
jvm_args: -Xmx64m -Xms64m -Dorg.gradle.appname=gradlew 
java_command: org.gradle.wrapper.GradleWrapperMain compileDebugKotlin -q
java_class_path (initial): C:/Users/LUIGI/Desktop/SIGOV/android/gradle/wrapper/gradle-wrapper.jar
Launcher Type: SUN_STANDARD

[Global flags]
     intx CICompilerCount                          = 12                                        {product} {ergonomic}
     uint ConcGCThreads                            = 3                                         {product} {ergonomic}
     uint G1ConcRefinementThreads                  = 13                                        {product} {ergonomic}
   size_t G1HeapRegionSize                         = 1048576                                   {product} {ergonomic}
    uintx GCDrainStackTargetSize                   = 64                                        {product} {ergonomic}
   size_t InitialHeapSize                          = 67108864                                  {product} {command line}
   size_t MarkStackSize                            = 4194304                                   {product} {ergonomic}
   size_t MaxHeapSize                              = 67108864                                  {product} {command line}
   size_t MinHeapDeltaBytes                        = 1048576                                   {product} {ergonomic}
   size_t MinHeapSize                              = 67108864                                  {product} {command line}
    uintx NonNMethodCodeHeapSize                   = 7602480                                {pd product} {ergonomic}
    uintx NonProfiledCodeHeapSize                  = 122027880                              {pd product} {ergonomic}
    uintx ProfiledCodeHeapSize                     = 122027880                              {pd product} {ergonomic}
    uintx ReservedCodeCacheSize                    = 251658240                              {pd product} {ergonomic}
     bool SegmentedCodeCache                       = true                                      {product} {ergonomic}
   size_t SoftMaxHeapSize                          = 67108864                               {manageable} {ergonomic}
     bool UseCompressedClassPointers               = true                           {product lp64_product} {ergonomic}
     bool UseCompressedOops                        = true                           {product lp64_product} {ergonomic}
     bool UseG1GC                                  = true                                      {product} {ergonomic}
     bool UseLargePagesIndividualAllocation        = false                                  {pd product} {ergonomic}

Logging:
Log output configuration:
 #0: stdout all=warning uptime,level,tags foldmultilines=false
 #1: stderr all=off uptime,level,tags foldmultilines=false

Environment Variables:
JAVA_HOME=C:\Program Files\Java\jdk-19.0.2
PATH=C:\Users\LUIGI\bin;C:\Program Files\Git\mingw64\bin;C:\Program Files\Git\usr\local\bin;C:\Program Files\Git\usr\bin;C:\Program Files\Git\usr\bin;C:\Program Files\Git\mingw64\bin;C:\Program Files\Git\usr\bin;C:\Users\LUIGI\bin;C:\Program Files\Java\jdk-19.0.2\bin;C:\Program Files (x86)\Common Files\Intel\Shared Libraries\redist\intel64\compiler;C:\windows\system32;C:\windows;C:\windows\System32\Wbem;C:\windows\System32\WindowsPowerShell\v1.0;C:\windows\System32\OpenSSH;C:\Program Files (x86)\NVIDIA Corporation\PhysX\Common;C:\WINDOWS\system32;C:\WINDOWS;C:\WINDOWS\System32\Wbem;C:\WINDOWS\System32\WindowsPowerShell\v1.0;C:\WINDOWS\System32\OpenSSH;C:\Program Files\NVIDIA Corporation\NVIDIA app\NvDLISR;C:\flutter\bin;C:\Program Files (x86)\Windows Kits\10\Windows Performance Toolkit;C:\Users\LUIGI\AppData\Local\Android\Sdk\tools;C:\Users\LUIGI\AppData\Local\Android\Sdk\plataform-tools;C:\Users\LUIGI\AppData\Roaming\nvm;C:\Program Files\nodejs;C:\Users\LUIGI\AppData\Local\Programs\Python\Python313;C:\Program Files\dotnet;C:\Program Files\CMake\bin;C:\vcgh\vcpkg;C:\Program Files (x86)\Google\Cloud SDK\google-cloud-sdk\bin;C:\Program Files (x86)\Google\Cloud SDK\google-cloud-sdk\bin;C:\Program Files\Git\cmd;C:\Program Files\GitHub CLI;C:\Program Files\Java\jdk-19.0.2\bin;C:\Program Files (x86)\Common Files\Intel\Shared Libraries\redist\intel64\compiler;C:\windows\system32;C:\windows;C:\windows\System32\Wbem;C:\windows\System32\WindowsPowerShell\v1.0;C:\windows\System32\OpenSSH;C:\Program Files (x86)\NVIDIA Corporation\PhysX\Common;C:\WINDOWS\system32;C:\WINDOWS;C:\WINDOWS\System32\Wbem;C:\WINDOWS\System32\WindowsPowerShell\v1.0;C:\WINDOWS\System32\OpenSSH;C:\Program Files\HP\HP One Agent;C:\Program Files\Adobe\Common\Plug-ins\7.0\MediaCore\MotionArrayPlugins;C:\Program Files\Common Files\OFX\Plugins\MotionArrayPlugins;C:\Program Files\NVIDIA Corporation\NVIDIA app\NvDLISR;C:\Program Files\Git\cmd;C:\flutter\bin;C:\Program Files\Git\cmd;C:\Program Files (x86)\Windows Kits\10\Windows Performance Toolkit;C:\Users\LUIGI\AppData\Local\Android\Sdk\tools;C:\Users\LUIGI\AppData\Local\Android\Sdk\plataform-tools;C:\Users\LUIGI\AppData\Roaming\nvm;C:\Program Files\nodejs;C:\Users\LUIGI\AppData\Local\Programs\Python\Python313;C:\Program Files\dotnet;C:\Program Files\CMake\bin;C:\vcgh\vcpkg;C:\Users\LUIGI\AppData\Local\Programs\Python\Python313\Scripts;C:\Program Files\Common Files\Oracle\Java\javapath;C:\Users\LUIGI\AppData\Local\Microsoft\WindowsApps;C:\Users\LUIGI\AppData\Local\Programs\Microsoft VS Code\bin;C:\xampp\htdocs\asset\js\flutter\bin;C:\Users\LUIGI\AppData\Roaming\npm;C:\Users\LUIGI\.dotnet\tools;C:\vcgh\vcpkg;C:\Users\LUIGI\AppData\Local\GitHubDesktop\bin;C:\Program Files\Git\usr\bin\vendor_perl;C:\Program Files\Git\usr\bin\core_perl
USERNAME=LUIGI
SHELL=C:\Program Files\Git\usr\bin\bash.exe
TERM=xterm-256color
OS=Windows_NT
PROCESSOR_IDENTIFIER=Intel64 Family 6 Model 154 Stepping 3, GenuineIntel
TMP=C:\Users\LUIGI\AppData\Local\Temp
TEMP=C:\Users\LUIGI\AppData\Local\Temp



---------------  S Y S T E M  ---------------

OS:
 Windows 11 , 64 bit Build 22621 (10.0.22621.3958)
OS uptime: 0 days 16:34 hours
Hyper-V role detected

CPU: total 16 (initial active 16) (8 cores per cpu, 2 threads per core) family 6 model 154 stepping 3 microcode 0x432, cx8, cmov, fxsr, ht, mmx, 3dnowpref, sse, sse2, sse3, ssse3, sse4.1, sse4.2, popcnt, lzcnt, tsc, tscinvbit, avx, avx2, aes, erms, clmul, bmi1, bmi2, adx, sha, fma, vzeroupper, clflush, clflushopt, clwb, hv, serialize, rdtscp, rdpid, fsrm

Memory: 4k page, system-wide physical 16051M (570M free)
TotalPageFile size 34051M (AvailPageFile size 43M)
current process WorkingSet (physical memory assigned to process): 12M, peak: 12M
current process commit charge ("private bytes"): 70M, peak: 134M

vm_info: Java HotSpot(TM) 64-Bit Server VM (19.0.2+7-44) for windows-amd64 JRE (19.0.2+7-44), built on 2022-11-30T18:02:09Z by "mach5one" with MS VC++ 17.1 (VS2022)

END.
